2026-05-28 08:07:12,938 - ERROR - Download failed ../scores/Agr/Agr1001c-no_edit.pdf: PDF too small
2026-05-28 08:07:14,560 - ERROR - Download failed ../scores/Agr/Agr1001c-edit.pdf: PDF too small
2026-05-28 08:07:16,298 - ERROR - Download failed ../scores/Agr/Agr1001d-no_edit.pdf: PDF too small
2026-05-28 08:07:17,856 - ERROR - Download failed ../scores/Agr/Agr1001d-edit.pdf: PDF too small
2026-05-28 08:18:16,555 - ERROR - Download failed ../scores/Agr/Agr1001c-no_edit.pdf: PDF too small
2026-05-28 08:18:18,066 - ERROR - Download failed ../scores/Agr/Agr1001c-edit.pdf: PDF too small
2026-05-28 08:18:19,723 - ERROR - Download failed ../scores/Agr/Agr1001d-no_edit.pdf: PDF too small
2026-05-28 08:18:21,404 - ERROR - Download failed ../scores/Agr/Agr1001d-edit.pdf: PDF too small
2026-05-28 08:18:27,335 - ERROR - Download failed ../scores/Agr/Agr1004b-no_edit.pdf: PDF too small
2026-05-28 08:18:28,604 - ERROR - Download failed ../scores/Agr/Agr1004b-edit.pdf: PDF too small
2026-05-28 08:18:30,119 - ERROR - Download failed ../scores/Agr/Agr1004c-no_edit.pdf: PDF too small
2026-05-28 08:18:31,954 - ERROR - Download failed ../scores/Agr/Agr1004c-edit.pdf: PDF too small
2026-05-28 08:18:33,626 - ERROR - Download failed ../scores/Agr/Agr1004d-no_edit.pdf: PDF too small
2026-05-28 08:18:34,968 - ERROR - Download failed ../scores/Agr/Agr1004d-edit.pdf: PDF too small
2026-05-28 08:18:36,222 - ERROR - Download failed ../scores/Agr/Agr1004e-no_edit.pdf: PDF too small
2026-05-28 08:18:37,726 - ERROR - Download failed ../scores/Agr/Agr1004e-edit.pdf: PDF too small
2026-05-28 08:20:28,048 - ERROR - Download failed ../scores/Ano/Ano3002-no_edit.pdf: PDF too small
2026-05-28 08:20:29,576 - ERROR - Download failed ../scores/Ano/Ano3002-edit.pdf: PDF too small
2026-05-28 08:21:53,905 - ERROR - Download failed ../scores/Ano/Ano3091-no_edit.pdf: PDF too small
2026-05-28 08:21:55,150 - ERROR - Download failed ../scores/Ano/Ano3091-edit.pdf: PDF too small
2026-05-28 08:23:17,109 - ERROR - Download failed ../scores/Ano/Ano3150-no_edit.pdf: PDF too small
2026-05-28 08:23:18,441 - ERROR - Download failed ../scores/Ano/Ano3150-edit.pdf: PDF too small
2026-05-28 08:24:31,584 - ERROR - Download failed ../scores/Bru/Bru1008a-no_edit.pdf: PDF too small
2026-05-28 08:24:33,249 - ERROR - Download failed ../scores/Bru/Bru1008a-edit.pdf: PDF too small
2026-05-28 08:24:35,131 - ERROR - Download failed ../scores/Bru/Bru1008b-no_edit.pdf: PDF too small
2026-05-28 08:24:37,544 - ERROR - Download failed ../scores/Bru/Bru1008b-edit.pdf: PDF too small
2026-05-28 08:24:49,814 - ERROR - Download failed ../scores/Bru/Bru1008d-no_edit.pdf: PDF too small
2026-05-28 08:24:52,295 - ERROR - Download failed ../scores/Bru/Bru1008d-edit.pdf: PDF too small
2026-05-28 08:24:53,885 - ERROR - Download failed ../scores/Bru/Bru1008e-no_edit.pdf: PDF too small
2026-05-28 08:24:55,238 - ERROR - Download failed ../scores/Bru/Bru1008e-edit.pdf: PDF too small
2026-05-28 08:25:03,439 - ERROR - Download failed ../scores/Bru/Bru2012-no_edit.pdf: PDF too small
2026-05-28 08:25:05,211 - ERROR - Download failed ../scores/Bru/Bru2012-edit.pdf: PDF too small
2026-05-28 08:26:11,501 - ERROR - Download failed ../scores/Bus/Bus3008-no_edit.pdf: PDF too small
2026-05-28 08:26:12,887 - ERROR - Download failed ../scores/Bus/Bus3008-edit.pdf: PDF too small
2026-05-28 08:26:48,397 - ERROR - Download failed ../scores/Bus/Bus3019-no_edit.pdf: PDF too small
2026-05-28 08:26:49,913 - ERROR - Download failed ../scores/Bus/Bus3019-edit.pdf: PDF too small
2026-05-28 08:27:58,949 - ERROR - Download failed ../scores/Bus/Bus3040-no_edit.pdf: PDF too small
2026-05-28 08:28:00,311 - ERROR - Download failed ../scores/Bus/Bus3040-edit.pdf: PDF too small
2026-05-28 08:28:13,390 - ERROR - Download failed ../scores/Bus/Bus3044-no_edit.pdf: PDF too small
2026-05-28 08:28:14,551 - ERROR - Download failed ../scores/Bus/Bus3044-edit.pdf: PDF too small
2026-05-28 08:29:35,829 - ERROR - Download failed ../scores/Com/Com1002a-no_edit.pdf: PDF too small
2026-05-28 08:29:37,132 - ERROR - Download failed ../scores/Com/Com1002a-edit.pdf: PDF too small
2026-05-28 08:29:38,619 - ERROR - Download failed ../scores/Com/Com1002b-no_edit.pdf: PDF too small
2026-05-28 08:29:40,033 - ERROR - Download failed ../scores/Com/Com1002b-edit.pdf: PDF too small
2026-05-28 08:29:51,434 - ERROR - Download failed ../scores/Com/Com1002e-no_edit.pdf: PDF too small
2026-05-28 08:29:52,731 - ERROR - Download failed ../scores/Com/Com1002e-edit.pdf: PDF too small
2026-05-28 08:30:09,074 - ERROR - Download failed ../scores/Com/Com3028-no_edit.pdf: PDF too small
2026-05-28 08:30:10,321 - ERROR - Download failed ../scores/Com/Com3028-edit.pdf: PDF too small
2026-05-28 08:30:11,535 - ERROR - Download failed ../scores/Com/Com3029-no_edit.pdf: PDF too small
2026-05-28 08:30:12,755 - ERROR - Download failed ../scores/Com/Com3029-edit.pdf: PDF too small
2026-05-28 08:30:13,993 - ERROR - Download failed ../scores/Com/Com3030-no_edit.pdf: PDF too small
2026-05-28 08:30:15,242 - ERROR - Download failed ../scores/Com/Com3030-edit.pdf: PDF too small
2026-05-28 08:30:27,020 - ERROR - Download failed ../scores/Com/Com3035-no_edit.pdf: PDF too small
2026-05-28 08:30:28,394 - ERROR - Download failed ../scores/Com/Com3035-edit.pdf: PDF too small
2026-05-28 08:30:47,670 - ERROR - Download failed ../scores/Com/Com3042-no_edit.pdf: PDF too small
2026-05-28 08:30:48,938 - ERROR - Download failed ../scores/Com/Com3042-edit.pdf: PDF too small
2026-05-28 08:30:50,222 - ERROR - Download failed ../scores/Com/Com3043-no_edit.pdf: PDF too small
2026-05-28 08:30:51,444 - ERROR - Download failed ../scores/Com/Com3043-edit.pdf: PDF too small
2026-05-28 08:31:10,544 - ERROR - Download failed ../scores/Com/Com3049-no_edit.pdf: PDF too small
2026-05-28 08:31:11,885 - ERROR - Download failed ../scores/Com/Com3049-edit.pdf: PDF too small
2026-05-28 08:31:35,018 - ERROR - Download failed ../scores/Das/Das1002c-no_edit.pdf: PDF too small
2026-05-28 08:31:36,992 - ERROR - Download failed ../scores/Das/Das1002c-edit.pdf: PDF too small
2026-05-28 08:32:49,456 - ERROR - Download failed ../scores/Duf/Duf1004c-no_edit.pdf: PDF too small
2026-05-28 08:32:51,133 - ERROR - Download failed ../scores/Duf/Duf1004c-edit.pdf: PDF too small
2026-05-28 08:33:11,788 - ERROR - Download failed ../scores/Duf/Duf1005c-no_edit.pdf: PDF too small
2026-05-28 08:34:02,922 - ERROR - Download failed ../scores/Duf/Duf3022-no_edit.pdf: PDF too small
2026-05-28 08:34:04,212 - ERROR - Download failed ../scores/Duf/Duf3022-edit.pdf: PDF too small
2026-05-28 08:35:33,037 - ERROR - Download failed ../scores/Gas/Gas0102c-no_edit.pdf: PDF too small
2026-05-28 08:35:34,543 - ERROR - Download failed ../scores/Gas/Gas0102c-edit.pdf: PDF too small
2026-05-28 08:35:35,867 - ERROR - Download failed ../scores/Gas/Gas0102d-no_edit.pdf: PDF too small
2026-05-28 08:35:37,104 - ERROR - Download failed ../scores/Gas/Gas0102d-edit.pdf: PDF too small
2026-05-28 08:35:52,483 - ERROR - Download failed ../scores/Gas/Gas0103c-no_edit.pdf: PDF too small
2026-05-28 08:35:53,819 - ERROR - Download failed ../scores/Gas/Gas0103c-edit.pdf: PDF too small
2026-05-28 08:36:08,803 - ERROR - Download failed ../scores/Gas/Gas0104b-no_edit.pdf: PDF too small
2026-05-28 08:36:09,975 - ERROR - Download failed ../scores/Gas/Gas0104b-edit.pdf: PDF too small
2026-05-28 08:36:32,072 - ERROR - Download failed ../scores/Gas/Gas0201b-no_edit.pdf: PDF too small
2026-05-28 08:36:33,227 - ERROR - Download failed ../scores/Gas/Gas0201b-edit.pdf: PDF too small
2026-05-28 08:37:23,496 - ERROR - Download failed ../scores/Gas/Gas0203c-no_edit.pdf: PDF too small
2026-05-28 08:37:24,828 - ERROR - Download failed ../scores/Gas/Gas0203c-edit.pdf: PDF too small
2026-05-28 08:37:26,137 - ERROR - Download failed ../scores/Gas/Gas0203d-no_edit.pdf: PDF too small
2026-05-28 08:37:27,672 - ERROR - Download failed ../scores/Gas/Gas0203d-edit.pdf: PDF too small
2026-05-28 08:37:38,362 - ERROR - Download failed ../scores/Gas/Gas0204b-no_edit.pdf: PDF too small
2026-05-28 08:37:39,685 - ERROR - Download failed ../scores/Gas/Gas0204b-edit.pdf: PDF too small
2026-05-28 08:39:19,418 - ERROR - Download failed ../scores/Gas/Gas0402-no_edit.pdf: PDF too small
2026-05-28 08:39:20,687 - ERROR - Download failed ../scores/Gas/Gas0402-edit.pdf: PDF too small
2026-05-28 08:39:21,951 - ERROR - Download failed ../scores/Gas/Gas0403-no_edit.pdf: PDF too small
2026-05-28 08:39:23,196 - ERROR - Download failed ../scores/Gas/Gas0403-edit.pdf: PDF too small
2026-05-28 08:39:44,053 - ERROR - Download failed ../scores/Gas/Gas0409-no_edit.pdf: PDF too small
2026-05-28 08:39:45,279 - ERROR - Download failed ../scores/Gas/Gas0409-edit.pdf: PDF too small
2026-05-28 08:40:36,724 - ERROR - Download failed ../scores/Gas/Gas0501b-edit.pdf: PDF too small
2026-05-28 08:40:53,264 - ERROR - Download failed ../scores/Gas/Gas0502-no_edit.pdf: PDF too small
2026-05-28 08:40:54,504 - ERROR - Download failed ../scores/Gas/Gas0502-edit.pdf: PDF too small
2026-05-28 08:41:20,359 - ERROR - Download failed ../scores/Jap/Jap3001-no_edit.pdf: PDF too small
2026-05-28 08:41:21,548 - ERROR - Download failed ../scores/Jap/Jap3001-edit.pdf: PDF too small
2026-05-28 08:42:48,353 - ERROR - Download failed ../scores/Jos/Jos0301b-edit.pdf: PDF too small
2026-05-28 08:44:40,902 - ERROR - Download failed ../scores/Jos/Jos0402e-edit.pdf: HTTPSConnectionPool(host='josquin.stanford.edu', port=443): Max retries exceeded with url: /cgi-bin/jrp?a=notationEditText&f=Jos0402e (Caused by ProxyError('Cannot connect to proxy.', timeout('timed out')))
2026-05-28 08:48:30,384 - ERROR - Download failed ../scores/Jos/Jos0703d-no_edit.pdf: PDF too small
2026-05-28 08:49:30,752 - ERROR - Download failed ../scores/Jos/Jos0901c-no_edit.pdf: PDF too small
2026-05-28 08:49:32,393 - ERROR - Download failed ../scores/Jos/Jos0901c-edit.pdf: PDF too small
2026-05-28 09:06:44,656 - ERROR - Download failed ../scores/Jos/Jos2605-no_edit.pdf: PDF too small
2026-05-28 09:06:46,483 - ERROR - Download failed ../scores/Jos/Jos2605-edit.pdf: PDF too small
2026-05-28 09:09:18,759 - ERROR - Download failed ../scores/Jos/Jos2728-no_edit.pdf: PDF too small
2026-05-28 09:09:20,139 - ERROR - Download failed ../scores/Jos/Jos2728-edit.pdf: PDF too small
2026-05-28 09:12:56,721 - ERROR - Download failed ../scores/Jos/Jos2913-no_edit.pdf: PDF too small
2026-05-28 09:12:58,050 - ERROR - Download failed ../scores/Jos/Jos2913-edit.pdf: PDF too small
2026-05-28 09:13:13,313 - ERROR - Download failed ../scores/Jos/Jos2916-edit.pdf: HTTPSConnectionPool(host='josquin.stanford.edu', port=443): Max retries exceeded with url: /cgi-bin/jrp?a=notationEditText&f=Jos2916 (Caused by ProxyError('Cannot connect to proxy.', RemoteDisconnected('Remote end closed connection without response')))
2026-05-28 09:17:23,458 - ERROR - Download failed ../scores/Mar/Mar1004b-no_edit.pdf: PDF too small
2026-05-28 09:25:44,984 - ERROR - Download failed ../scores/Obr/Obr1002c-no_edit.pdf: PDF too small
2026-05-28 09:25:46,206 - ERROR - Download failed ../scores/Obr/Obr1002c-edit.pdf: PDF too small
2026-05-28 09:25:47,517 - ERROR - Download failed ../scores/Obr/Obr1002d-no_edit.pdf: PDF too small
2026-05-28 09:25:49,044 - ERROR - Download failed ../scores/Obr/Obr1002d-edit.pdf: PDF too small
2026-05-28 09:26:00,083 - ERROR - Download failed ../scores/Obr/Obr2010-no_edit.pdf: PDF too small
2026-05-28 09:26:01,620 - ERROR - Download failed ../scores/Obr/Obr2010-edit.pdf: PDF too small
2026-05-28 09:31:07,554 - ERROR - Download failed ../scores/Oke/Oke1013e-no_edit.pdf: PDF too small
2026-05-28 09:31:08,783 - ERROR - Download failed ../scores/Oke/Oke1013e-edit.pdf: PDF too small
2026-05-28 09:35:35,157 - ERROR - Download failed ../scores/Ort/Ort2004-no_edit.pdf: PDF too small
2026-05-28 09:35:36,507 - ERROR - Download failed ../scores/Ort/Ort2004-edit.pdf: PDF too small
2026-05-28 09:37:06,714 - ERROR - Download failed ../scores/Reg/Reg2006-no_edit.pdf: PDF too small
2026-05-28 09:37:33,220 - ERROR - Download failed ../scores/Rue/Rue1002d-no_edit.pdf: PDF too small
2026-05-28 09:37:34,756 - ERROR - Download failed ../scores/Rue/Rue1002d-edit.pdf: PDF too small
